Archive member included because of file (symbol)

d:/iti 3 month/imt tools/imt tools/sdk/imt_sdk_win_64/imt_sdk_win_64/winavr/bin/../lib/gcc/avr/4.3.3/avr5\libgcc.a(_exit.o)
                              d:/iti 3 month/imt tools/imt tools/sdk/imt_sdk_win_64/imt_sdk_win_64/winavr/bin/../lib/gcc/avr/4.3.3/../../../../avr/lib/avr5/crtm32.o (exit)

Memory Configuration

Name             Origin             Length             Attributes
text             0x00000000         0x00020000         xr
data             0x00800060         0x0000ffa0         rw !x
eeprom           0x00810000         0x00010000         rw !x
fuse             0x00820000         0x00000400         rw !x
lock             0x00830000         0x00000400         rw !x
signature        0x00840000         0x00000400         rw !x
*default*        0x00000000         0xffffffff

Linker script and memory map

LOAD d:/iti 3 month/imt tools/imt tools/sdk/imt_sdk_win_64/imt_sdk_win_64/winavr/bin/../lib/gcc/avr/4.3.3/../../../../avr/lib/avr5/crtm32.o
LOAD ./MCAL/UART/Uart_Program.o
LOAD ./MCAL/SPI/SPI_Program.o
LOAD ./MCAL/DIO/DIO.o
LOAD ./main.o
LOAD d:/iti 3 month/imt tools/imt tools/sdk/imt_sdk_win_64/imt_sdk_win_64/winavr/bin/../lib/gcc/avr/4.3.3/avr5\libgcc.a
LOAD d:/iti 3 month/imt tools/imt tools/sdk/imt_sdk_win_64/imt_sdk_win_64/winavr/bin/../lib/gcc/avr/4.3.3/../../../../avr/lib/avr5\libc.a
LOAD d:/iti 3 month/imt tools/imt tools/sdk/imt_sdk_win_64/imt_sdk_win_64/winavr/bin/../lib/gcc/avr/4.3.3/avr5\libgcc.a

.hash
 *(.hash)

.dynsym
 *(.dynsym)

.dynstr
 *(.dynstr)

.gnu.version
 *(.gnu.version)

.gnu.version_d
 *(.gnu.version_d)

.gnu.version_r
 *(.gnu.version_r)

.rel.init
 *(.rel.init)

.rela.init
 *(.rela.init)

.rel.text
 *(.rel.text)
 *(.rel.text.*)
 *(.rel.gnu.linkonce.t*)

.rela.text
 *(.rela.text)
 *(.rela.text.*)
 *(.rela.gnu.linkonce.t*)

.rel.fini
 *(.rel.fini)

.rela.fini
 *(.rela.fini)

.rel.rodata
 *(.rel.rodata)
 *(.rel.rodata.*)
 *(.rel.gnu.linkonce.r*)

.rela.rodata
 *(.rela.rodata)
 *(.rela.rodata.*)
 *(.rela.gnu.linkonce.r*)

.rel.data
 *(.rel.data)
 *(.rel.data.*)
 *(.rel.gnu.linkonce.d*)

.rela.data
 *(.rela.data)
 *(.rela.data.*)
 *(.rela.gnu.linkonce.d*)

.rel.ctors
 *(.rel.ctors)

.rela.ctors
 *(.rela.ctors)

.rel.dtors
 *(.rel.dtors)

.rela.dtors
 *(.rela.dtors)

.rel.got
 *(.rel.got)

.rela.got
 *(.rela.got)

.rel.bss
 *(.rel.bss)

.rela.bss
 *(.rela.bss)

.rel.plt
 *(.rel.plt)

.rela.plt
 *(.rela.plt)

.text           0x00000000      0xdb0
 *(.vectors)
 .vectors       0x00000000       0x54 d:/iti 3 month/imt tools/imt tools/sdk/imt_sdk_win_64/imt_sdk_win_64/winavr/bin/../lib/gcc/avr/4.3.3/../../../../avr/lib/avr5/crtm32.o
                0x00000000                __vectors
                0x00000000                __vector_default
 *(.vectors)
 *(.progmem.gcc*)
 *(.progmem*)
                0x00000054                . = ALIGN (0x2)
                0x00000054                __trampolines_start = .
 *(.trampolines)
 .trampolines   0x00000054        0x0 linker stubs
 *(.trampolines*)
                0x00000054                __trampolines_end = .
 *(.jumptables)
 *(.jumptables*)
 *(.lowtext)
 *(.lowtext*)
                0x00000054                __ctors_start = .
 *(.ctors)
                0x00000054                __ctors_end = .
                0x00000054                __dtors_start = .
 *(.dtors)
                0x00000054                __dtors_end = .
 SORT(*)(.ctors)
 SORT(*)(.dtors)
 *(.init0)
 .init0         0x00000054        0x0 d:/iti 3 month/imt tools/imt tools/sdk/imt_sdk_win_64/imt_sdk_win_64/winavr/bin/../lib/gcc/avr/4.3.3/../../../../avr/lib/avr5/crtm32.o
                0x00000054                __init
 *(.init0)
 *(.init1)
 *(.init1)
 *(.init2)
 .init2         0x00000054        0xc d:/iti 3 month/imt tools/imt tools/sdk/imt_sdk_win_64/imt_sdk_win_64/winavr/bin/../lib/gcc/avr/4.3.3/../../../../avr/lib/avr5/crtm32.o
 *(.init2)
 *(.init3)
 *(.init3)
 *(.init4)
 *(.init4)
 *(.init5)
 *(.init5)
 *(.init6)
 *(.init6)
 *(.init7)
 *(.init7)
 *(.init8)
 *(.init8)
 *(.init9)
 .init9         0x00000060        0x8 d:/iti 3 month/imt tools/imt tools/sdk/imt_sdk_win_64/imt_sdk_win_64/winavr/bin/../lib/gcc/avr/4.3.3/../../../../avr/lib/avr5/crtm32.o
 *(.init9)
 *(.text)
 .text          0x00000068        0x4 d:/iti 3 month/imt tools/imt tools/sdk/imt_sdk_win_64/imt_sdk_win_64/winavr/bin/../lib/gcc/avr/4.3.3/../../../../avr/lib/avr5/crtm32.o
                0x00000068                __vector_1
                0x00000068                __vector_12
                0x00000068                __bad_interrupt
                0x00000068                __vector_6
                0x00000068                __vector_3
                0x00000068                __vector_11
                0x00000068                __vector_13
                0x00000068                __vector_17
                0x00000068                __vector_19
                0x00000068                __vector_7
                0x00000068                __vector_5
                0x00000068                __vector_4
                0x00000068                __vector_9
                0x00000068                __vector_2
                0x00000068                __vector_15
                0x00000068                __vector_8
                0x00000068                __vector_14
                0x00000068                __vector_10
                0x00000068                __vector_16
                0x00000068                __vector_18
                0x00000068                __vector_20
 .text          0x0000006c        0x0 ./MCAL/UART/Uart_Program.o
 .text          0x0000006c        0x0 ./MCAL/SPI/SPI_Program.o
 .text          0x0000006c        0x0 ./MCAL/DIO/DIO.o
 .text          0x0000006c        0x0 ./main.o
 .text          0x0000006c        0x0 d:/iti 3 month/imt tools/imt tools/sdk/imt_sdk_win_64/imt_sdk_win_64/winavr/bin/../lib/gcc/avr/4.3.3/avr5\libgcc.a(_exit.o)
                0x0000006c                . = ALIGN (0x2)
 *(.text.*)
 .text.UART_Init
                0x0000006c       0xc2 ./MCAL/UART/Uart_Program.o
                0x0000006c                UART_Init
 .text.UART_Recive
                0x0000012e       0x26 ./MCAL/UART/Uart_Program.o
                0x0000012e                UART_Recive
 .text.UART_Transmite
                0x00000154       0x34 ./MCAL/UART/Uart_Program.o
                0x00000154                UART_Transmite
 .text.UART_Transmite_String
                0x00000188       0x52 ./MCAL/UART/Uart_Program.o
                0x00000188                UART_Transmite_String
 .text.UART_Recive_String
                0x000001da       0x86 ./MCAL/UART/Uart_Program.o
                0x000001da                UART_Recive_String
 .text.SPI_MasterInit
                0x00000260       0x7c ./MCAL/SPI/SPI_Program.o
                0x00000260                SPI_MasterInit
 .text.SPI_SlaveInit
                0x000002dc       0x68 ./MCAL/SPI/SPI_Program.o
                0x000002dc                SPI_SlaveInit
 .text.SPI_MasterTransmit
                0x00000344       0x26 ./MCAL/SPI/SPI_Program.o
                0x00000344                SPI_MasterTransmit
 .text.SPI_SlaveReceive
                0x0000036a       0x1e ./MCAL/SPI/SPI_Program.o
                0x0000036a                SPI_SlaveReceive
 .text.SPI_Transmite_String
                0x00000388       0x50 ./MCAL/SPI/SPI_Program.o
                0x00000388                SPI_Transmite_String
 .text.SPI_Recive_String
                0x000003d8       0x86 ./MCAL/SPI/SPI_Program.o
                0x000003d8                SPI_Recive_String
 .text.DIO_voidSetPinValue
                0x0000045e      0x20e ./MCAL/DIO/DIO.o
                0x0000045e                DIO_voidSetPinValue
 .text.DIO_voidSetPinDirection
                0x0000066c      0x212 ./MCAL/DIO/DIO.o
                0x0000066c                DIO_voidSetPinDirection
 .text.DIO_u8GetPinValue
                0x0000087e       0xf2 ./MCAL/DIO/DIO.o
                0x0000087e                DIO_u8GetPinValue
 .text.DIO_voidTogPin
                0x00000970      0x10a ./MCAL/DIO/DIO.o
                0x00000970                DIO_voidTogPin
 .text.DIO_voidSetPortValue
                0x00000a7a       0x92 ./MCAL/DIO/DIO.o
                0x00000a7a                DIO_voidSetPortValue
 .text.DIO_voidSetPortDirection
                0x00000b0c       0x92 ./MCAL/DIO/DIO.o
                0x00000b0c                DIO_voidSetPortDirection
 .text.DIO_voidInpullUp
                0x00000b9e      0x1a8 ./MCAL/DIO/DIO.o
                0x00000b9e                DIO_voidInpullUp
 .text.main     0x00000d46       0x66 ./main.o
                0x00000d46                main
 .text.libgcc   0x00000dac        0x0 d:/iti 3 month/imt tools/imt tools/sdk/imt_sdk_win_64/imt_sdk_win_64/winavr/bin/../lib/gcc/avr/4.3.3/avr5\libgcc.a(_exit.o)
                0x00000dac                . = ALIGN (0x2)
 *(.fini9)
 .fini9         0x00000dac        0x0 d:/iti 3 month/imt tools/imt tools/sdk/imt_sdk_win_64/imt_sdk_win_64/winavr/bin/../lib/gcc/avr/4.3.3/avr5\libgcc.a(_exit.o)
                0x00000dac                exit
                0x00000dac                _exit
 *(.fini9)
 *(.fini8)
 *(.fini8)
 *(.fini7)
 *(.fini7)
 *(.fini6)
 *(.fini6)
 *(.fini5)
 *(.fini5)
 *(.fini4)
 *(.fini4)
 *(.fini3)
 *(.fini3)
 *(.fini2)
 *(.fini2)
 *(.fini1)
 *(.fini1)
 *(.fini0)
 .fini0         0x00000dac        0x4 d:/iti 3 month/imt tools/imt tools/sdk/imt_sdk_win_64/imt_sdk_win_64/winavr/bin/../lib/gcc/avr/4.3.3/avr5\libgcc.a(_exit.o)
 *(.fini0)
                0x00000db0                _etext = .

.data           0x00800060        0x0 load address 0x00000db0
                0x00800060                PROVIDE (__data_start, .)
 *(.data)
 .data          0x00800060        0x0 d:/iti 3 month/imt tools/imt tools/sdk/imt_sdk_win_64/imt_sdk_win_64/winavr/bin/../lib/gcc/avr/4.3.3/../../../../avr/lib/avr5/crtm32.o
 .data          0x00800060        0x0 ./MCAL/UART/Uart_Program.o
 .data          0x00800060        0x0 ./MCAL/SPI/SPI_Program.o
 .data          0x00800060        0x0 ./MCAL/DIO/DIO.o
 .data          0x00800060        0x0 ./main.o
 .data          0x00800060        0x0 d:/iti 3 month/imt tools/imt tools/sdk/imt_sdk_win_64/imt_sdk_win_64/winavr/bin/../lib/gcc/avr/4.3.3/avr5\libgcc.a(_exit.o)
 *(.data*)
 *(.rodata)
 *(.rodata*)
 *(.gnu.linkonce.d*)
                0x00800060                . = ALIGN (0x2)
                0x00800060                _edata = .
                0x00800060                PROVIDE (__data_end, .)

.bss            0x00800060        0x0
                0x00800060                PROVIDE (__bss_start, .)
 *(.bss)
 .bss           0x00800060        0x0 d:/iti 3 month/imt tools/imt tools/sdk/imt_sdk_win_64/imt_sdk_win_64/winavr/bin/../lib/gcc/avr/4.3.3/../../../../avr/lib/avr5/crtm32.o
 .bss           0x00800060        0x0 ./MCAL/UART/Uart_Program.o
 .bss           0x00800060        0x0 ./MCAL/SPI/SPI_Program.o
 .bss           0x00800060        0x0 ./MCAL/DIO/DIO.o
 .bss           0x00800060        0x0 ./main.o
 .bss           0x00800060        0x0 d:/iti 3 month/imt tools/imt tools/sdk/imt_sdk_win_64/imt_sdk_win_64/winavr/bin/../lib/gcc/avr/4.3.3/avr5\libgcc.a(_exit.o)
 *(.bss*)
 *(COMMON)
                0x00800060                PROVIDE (__bss_end, .)
                0x00000db0                __data_load_start = LOADADDR (.data)
                0x00000db0                __data_load_end = (__data_load_start + SIZEOF (.data))

.noinit         0x00800060        0x0
                0x00800060                PROVIDE (__noinit_start, .)
 *(.noinit*)
                0x00800060                PROVIDE (__noinit_end, .)
                0x00800060                _end = .
                0x00800060                PROVIDE (__heap_start, .)

.eeprom         0x00810000        0x0
 *(.eeprom*)
                0x00810000                __eeprom_end = .

.fuse
 *(.fuse)
 *(.lfuse)
 *(.hfuse)
 *(.efuse)

.lock
 *(.lock*)

.signature
 *(.signature*)

.stab           0x00000000     0x144c
 *(.stab)
 .stab          0x00000000      0x4e0 ./MCAL/UART/Uart_Program.o
 .stab          0x000004e0      0x438 ./MCAL/SPI/SPI_Program.o
                                0x528 (size before relaxing)
 .stab          0x00000918      0x804 ./MCAL/DIO/DIO.o
                                0x810 (size before relaxing)
 .stab          0x0000111c      0x330 ./main.o
                                0x420 (size before relaxing)

.stabstr        0x00000000      0xf0b
 *(.stabstr)
 .stabstr       0x00000000      0xf0b ./MCAL/UART/Uart_Program.o

.stab.excl
 *(.stab.excl)

.stab.exclstr
 *(.stab.exclstr)

.stab.index
 *(.stab.index)

.stab.indexstr
 *(.stab.indexstr)

.comment
 *(.comment)

.debug
 *(.debug)

.line
 *(.line)

.debug_srcinfo
 *(.debug_srcinfo)

.debug_sfnames
 *(.debug_sfnames)

.debug_aranges
 *(.debug_aranges)

.debug_pubnames
 *(.debug_pubnames)

.debug_info
 *(.debug_info)
 *(.gnu.linkonce.wi.*)

.debug_abbrev
 *(.debug_abbrev)

.debug_line
 *(.debug_line)

.debug_frame
 *(.debug_frame)

.debug_str
 *(.debug_str)

.debug_loc
 *(.debug_loc)

.debug_macinfo
 *(.debug_macinfo)
OUTPUT(SPI_UART_S_Sprints.elf elf32-avr)
LOAD linker stubs
