Archive member included because of file (symbol)

d:/iti 3 month/imt tools/imt tools/sdk/imt_sdk_win_64/imt_sdk_win_64/winavr/bin/../lib/gcc/avr/4.3.3/avr5\libgcc.a(_exit.o)
                              d:/iti 3 month/imt tools/imt tools/sdk/imt_sdk_win_64/imt_sdk_win_64/winavr/bin/../lib/gcc/avr/4.3.3/../../../../avr/lib/avr5/crtm32.o (exit)
d:/iti 3 month/imt tools/imt tools/sdk/imt_sdk_win_64/imt_sdk_win_64/winavr/bin/../lib/gcc/avr/4.3.3/avr5\libgcc.a(_clear_bss.o)
                              ./Timer_Program.o (__do_clear_bss)
d:/iti 3 month/imt tools/imt tools/sdk/imt_sdk_win_64/imt_sdk_win_64/winavr/bin/../lib/gcc/avr/4.3.3/avr5\libgcc.a(_fixunssfsi.o)
                              ./Timer_Program.o (__fixunssfsi)
d:/iti 3 month/imt tools/imt tools/sdk/imt_sdk_win_64/imt_sdk_win_64/winavr/bin/../lib/gcc/avr/4.3.3/avr5\libgcc.a(_addsub_sf.o)
                              d:/iti 3 month/imt tools/imt tools/sdk/imt_sdk_win_64/imt_sdk_win_64/winavr/bin/../lib/gcc/avr/4.3.3/avr5\libgcc.a(_fixunssfsi.o) (__subsf3)
d:/iti 3 month/imt tools/imt tools/sdk/imt_sdk_win_64/imt_sdk_win_64/winavr/bin/../lib/gcc/avr/4.3.3/avr5\libgcc.a(_div_sf.o)
                              ./Timer_Program.o (__divsf3)
d:/iti 3 month/imt tools/imt tools/sdk/imt_sdk_win_64/imt_sdk_win_64/winavr/bin/../lib/gcc/avr/4.3.3/avr5\libgcc.a(_ge_sf.o)
                              d:/iti 3 month/imt tools/imt tools/sdk/imt_sdk_win_64/imt_sdk_win_64/winavr/bin/../lib/gcc/avr/4.3.3/avr5\libgcc.a(_fixunssfsi.o) (__gesf2)
d:/iti 3 month/imt tools/imt tools/sdk/imt_sdk_win_64/imt_sdk_win_64/winavr/bin/../lib/gcc/avr/4.3.3/avr5\libgcc.a(_sf_to_si.o)
                              d:/iti 3 month/imt tools/imt tools/sdk/imt_sdk_win_64/imt_sdk_win_64/winavr/bin/../lib/gcc/avr/4.3.3/avr5\libgcc.a(_fixunssfsi.o) (__fixsfsi)
d:/iti 3 month/imt tools/imt tools/sdk/imt_sdk_win_64/imt_sdk_win_64/winavr/bin/../lib/gcc/avr/4.3.3/avr5\libgcc.a(_thenan_sf.o)
                              d:/iti 3 month/imt tools/imt tools/sdk/imt_sdk_win_64/imt_sdk_win_64/winavr/bin/../lib/gcc/avr/4.3.3/avr5\libgcc.a(_addsub_sf.o) (__thenan_sf)
d:/iti 3 month/imt tools/imt tools/sdk/imt_sdk_win_64/imt_sdk_win_64/winavr/bin/../lib/gcc/avr/4.3.3/avr5\libgcc.a(_usi_to_sf.o)
                              ./Timer_Program.o (__floatunsisf)
d:/iti 3 month/imt tools/imt tools/sdk/imt_sdk_win_64/imt_sdk_win_64/winavr/bin/../lib/gcc/avr/4.3.3/avr5\libgcc.a(_prologue.o)
                              d:/iti 3 month/imt tools/imt tools/sdk/imt_sdk_win_64/imt_sdk_win_64/winavr/bin/../lib/gcc/avr/4.3.3/avr5\libgcc.a(_addsub_sf.o) (__prologue_saves__)
d:/iti 3 month/imt tools/imt tools/sdk/imt_sdk_win_64/imt_sdk_win_64/winavr/bin/../lib/gcc/avr/4.3.3/avr5\libgcc.a(_epilogue.o)
                              d:/iti 3 month/imt tools/imt tools/sdk/imt_sdk_win_64/imt_sdk_win_64/winavr/bin/../lib/gcc/avr/4.3.3/avr5\libgcc.a(_addsub_sf.o) (__epilogue_restores__)
d:/iti 3 month/imt tools/imt tools/sdk/imt_sdk_win_64/imt_sdk_win_64/winavr/bin/../lib/gcc/avr/4.3.3/avr5\libgcc.a(_copy_data.o)
                              d:/iti 3 month/imt tools/imt tools/sdk/imt_sdk_win_64/imt_sdk_win_64/winavr/bin/../lib/gcc/avr/4.3.3/avr5\libgcc.a(_thenan_sf.o) (__do_copy_data)
d:/iti 3 month/imt tools/imt tools/sdk/imt_sdk_win_64/imt_sdk_win_64/winavr/bin/../lib/gcc/avr/4.3.3/avr5\libgcc.a(_clzsi2.o)
                              d:/iti 3 month/imt tools/imt tools/sdk/imt_sdk_win_64/imt_sdk_win_64/winavr/bin/../lib/gcc/avr/4.3.3/avr5\libgcc.a(_usi_to_sf.o) (__clzsi2)
d:/iti 3 month/imt tools/imt tools/sdk/imt_sdk_win_64/imt_sdk_win_64/winavr/bin/../lib/gcc/avr/4.3.3/avr5\libgcc.a(_pack_sf.o)
                              d:/iti 3 month/imt tools/imt tools/sdk/imt_sdk_win_64/imt_sdk_win_64/winavr/bin/../lib/gcc/avr/4.3.3/avr5\libgcc.a(_addsub_sf.o) (__pack_f)
d:/iti 3 month/imt tools/imt tools/sdk/imt_sdk_win_64/imt_sdk_win_64/winavr/bin/../lib/gcc/avr/4.3.3/avr5\libgcc.a(_unpack_sf.o)
                              d:/iti 3 month/imt tools/imt tools/sdk/imt_sdk_win_64/imt_sdk_win_64/winavr/bin/../lib/gcc/avr/4.3.3/avr5\libgcc.a(_addsub_sf.o) (__unpack_f)
d:/iti 3 month/imt tools/imt tools/sdk/imt_sdk_win_64/imt_sdk_win_64/winavr/bin/../lib/gcc/avr/4.3.3/avr5\libgcc.a(_fpcmp_parts_sf.o)
                              d:/iti 3 month/imt tools/imt tools/sdk/imt_sdk_win_64/imt_sdk_win_64/winavr/bin/../lib/gcc/avr/4.3.3/avr5\libgcc.a(_ge_sf.o) (__fpcmp_parts_f)
d:/iti 3 month/imt tools/imt tools/sdk/imt_sdk_win_64/imt_sdk_win_64/winavr/bin/../lib/gcc/avr/4.3.3/avr5\libgcc.a(_clz.o)
                              d:/iti 3 month/imt tools/imt tools/sdk/imt_sdk_win_64/imt_sdk_win_64/winavr/bin/../lib/gcc/avr/4.3.3/avr5\libgcc.a(_clzsi2.o) (__clz_tab)

Allocating common symbols
Common symbol       size              file

preload             0x1               ./Timer_Program.o
counter_ov          0x4               ./Timer_Program.o

Memory Configuration

Name             Origin             Length             Attributes
text             0x00000000         0x00020000         xr
data             0x00800060         0x0000ffa0         rw !x
eeprom           0x00810000         0x00010000         rw !x
fuse             0x00820000         0x00000400         rw !x
lock             0x00830000         0x00000400         rw !x
signature        0x00840000         0x00000400         rw !x
*default*        0x00000000         0xffffffff

Linker script and memory map

LOAD d:/iti 3 month/imt tools/imt tools/sdk/imt_sdk_win_64/imt_sdk_win_64/winavr/bin/../lib/gcc/avr/4.3.3/../../../../avr/lib/avr5/crtm32.o
LOAD ./DIO_Program.o
LOAD ./Timer_Program.o
LOAD ./main.o
LOAD d:/iti 3 month/imt tools/imt tools/sdk/imt_sdk_win_64/imt_sdk_win_64/winavr/bin/../lib/gcc/avr/4.3.3/avr5\libgcc.a
LOAD d:/iti 3 month/imt tools/imt tools/sdk/imt_sdk_win_64/imt_sdk_win_64/winavr/bin/../lib/gcc/avr/4.3.3/../../../../avr/lib/avr5\libc.a
LOAD d:/iti 3 month/imt tools/imt tools/sdk/imt_sdk_win_64/imt_sdk_win_64/winavr/bin/../lib/gcc/avr/4.3.3/avr5\libgcc.a

.hash
 *(.hash)

.dynsym
 *(.dynsym)

.dynstr
 *(.dynstr)

.gnu.version
 *(.gnu.version)

.gnu.version_d
 *(.gnu.version_d)

.gnu.version_r
 *(.gnu.version_r)

.rel.init
 *(.rel.init)

.rela.init
 *(.rela.init)

.rel.text
 *(.rel.text)
 *(.rel.text.*)
 *(.rel.gnu.linkonce.t*)

.rela.text
 *(.rela.text)
 *(.rela.text.*)
 *(.rela.gnu.linkonce.t*)

.rel.fini
 *(.rel.fini)

.rela.fini
 *(.rela.fini)

.rel.rodata
 *(.rel.rodata)
 *(.rel.rodata.*)
 *(.rel.gnu.linkonce.r*)

.rela.rodata
 *(.rela.rodata)
 *(.rela.rodata.*)
 *(.rela.gnu.linkonce.r*)

.rel.data
 *(.rel.data)
 *(.rel.data.*)
 *(.rel.gnu.linkonce.d*)

.rela.data
 *(.rela.data)
 *(.rela.data.*)
 *(.rela.gnu.linkonce.d*)

.rel.ctors
 *(.rel.ctors)

.rela.ctors
 *(.rela.ctors)

.rel.dtors
 *(.rel.dtors)

.rela.dtors
 *(.rela.dtors)

.rel.got
 *(.rel.got)

.rela.got
 *(.rela.got)

.rel.bss
 *(.rel.bss)

.rela.bss
 *(.rela.bss)

.rel.plt
 *(.rel.plt)

.rela.plt
 *(.rela.plt)

.text           0x00000000     0x157a
 *(.vectors)
 .vectors       0x00000000       0x54 d:/iti 3 month/imt tools/imt tools/sdk/imt_sdk_win_64/imt_sdk_win_64/winavr/bin/../lib/gcc/avr/4.3.3/../../../../avr/lib/avr5/crtm32.o
                0x00000000                __vectors
                0x00000000                __vector_default
 *(.vectors)
 *(.progmem.gcc*)
 *(.progmem*)
                0x00000054                . = ALIGN (0x2)
                0x00000054                __trampolines_start = .
 *(.trampolines)
 .trampolines   0x00000054        0x0 linker stubs
 *(.trampolines*)
                0x00000054                __trampolines_end = .
 *(.jumptables)
 *(.jumptables*)
 *(.lowtext)
 *(.lowtext*)
                0x00000054                __ctors_start = .
 *(.ctors)
                0x00000054                __ctors_end = .
                0x00000054                __dtors_start = .
 *(.dtors)
                0x00000054                __dtors_end = .
 SORT(*)(.ctors)
 SORT(*)(.dtors)
 *(.init0)
 .init0         0x00000054        0x0 d:/iti 3 month/imt tools/imt tools/sdk/imt_sdk_win_64/imt_sdk_win_64/winavr/bin/../lib/gcc/avr/4.3.3/../../../../avr/lib/avr5/crtm32.o
                0x00000054                __init
 *(.init0)
 *(.init1)
 *(.init1)
 *(.init2)
 .init2         0x00000054        0xc d:/iti 3 month/imt tools/imt tools/sdk/imt_sdk_win_64/imt_sdk_win_64/winavr/bin/../lib/gcc/avr/4.3.3/../../../../avr/lib/avr5/crtm32.o
 *(.init2)
 *(.init3)
 *(.init3)
 *(.init4)
 .init4         0x00000060       0x10 d:/iti 3 month/imt tools/imt tools/sdk/imt_sdk_win_64/imt_sdk_win_64/winavr/bin/../lib/gcc/avr/4.3.3/avr5\libgcc.a(_clear_bss.o)
                0x00000060                __do_clear_bss
 .init4         0x00000070       0x16 d:/iti 3 month/imt tools/imt tools/sdk/imt_sdk_win_64/imt_sdk_win_64/winavr/bin/../lib/gcc/avr/4.3.3/avr5\libgcc.a(_copy_data.o)
                0x00000070                __do_copy_data
 *(.init4)
 *(.init5)
 *(.init5)
 *(.init6)
 *(.init6)
 *(.init7)
 *(.init7)
 *(.init8)
 *(.init8)
 *(.init9)
 .init9         0x00000086        0x8 d:/iti 3 month/imt tools/imt tools/sdk/imt_sdk_win_64/imt_sdk_win_64/winavr/bin/../lib/gcc/avr/4.3.3/../../../../avr/lib/avr5/crtm32.o
 *(.init9)
 *(.text)
 .text          0x0000008e        0x4 d:/iti 3 month/imt tools/imt tools/sdk/imt_sdk_win_64/imt_sdk_win_64/winavr/bin/../lib/gcc/avr/4.3.3/../../../../avr/lib/avr5/crtm32.o
                0x0000008e                __vector_1
                0x0000008e                __vector_12
                0x0000008e                __bad_interrupt
                0x0000008e                __vector_6
                0x0000008e                __vector_3
                0x0000008e                __vector_13
                0x0000008e                __vector_17
                0x0000008e                __vector_19
                0x0000008e                __vector_7
                0x0000008e                __vector_5
                0x0000008e                __vector_4
                0x0000008e                __vector_9
                0x0000008e                __vector_2
                0x0000008e                __vector_15
                0x0000008e                __vector_8
                0x0000008e                __vector_14
                0x0000008e                __vector_10
                0x0000008e                __vector_16
                0x0000008e                __vector_18
                0x0000008e                __vector_20
 .text          0x00000092        0x0 ./DIO_Program.o
 .text          0x00000092        0x0 ./Timer_Program.o
 .text          0x00000092        0x0 ./main.o
 .text          0x00000092        0x0 d:/iti 3 month/imt tools/imt tools/sdk/imt_sdk_win_64/imt_sdk_win_64/winavr/bin/../lib/gcc/avr/4.3.3/avr5\libgcc.a(_exit.o)
 .text          0x00000092        0x0 d:/iti 3 month/imt tools/imt tools/sdk/imt_sdk_win_64/imt_sdk_win_64/winavr/bin/../lib/gcc/avr/4.3.3/avr5\libgcc.a(_clear_bss.o)
 .text          0x00000092       0x58 d:/iti 3 month/imt tools/imt tools/sdk/imt_sdk_win_64/imt_sdk_win_64/winavr/bin/../lib/gcc/avr/4.3.3/avr5\libgcc.a(_fixunssfsi.o)
                0x00000092                __fixunssfsi
 .text          0x000000ea      0x354 d:/iti 3 month/imt tools/imt tools/sdk/imt_sdk_win_64/imt_sdk_win_64/winavr/bin/../lib/gcc/avr/4.3.3/avr5\libgcc.a(_addsub_sf.o)
                0x00000382                __subsf3
                0x000003e4                __addsf3
 .text          0x0000043e      0x158 d:/iti 3 month/imt tools/imt tools/sdk/imt_sdk_win_64/imt_sdk_win_64/winavr/bin/../lib/gcc/avr/4.3.3/avr5\libgcc.a(_div_sf.o)
                0x0000043e                __divsf3
 .text          0x00000596       0x60 d:/iti 3 month/imt tools/imt tools/sdk/imt_sdk_win_64/imt_sdk_win_64/winavr/bin/../lib/gcc/avr/4.3.3/avr5\libgcc.a(_ge_sf.o)
                0x00000596                __gesf2
 .text          0x000005f6       0xa8 d:/iti 3 month/imt tools/imt tools/sdk/imt_sdk_win_64/imt_sdk_win_64/winavr/bin/../lib/gcc/avr/4.3.3/avr5\libgcc.a(_sf_to_si.o)
                0x000005f6                __fixsfsi
 .text          0x0000069e        0x0 d:/iti 3 month/imt tools/imt tools/sdk/imt_sdk_win_64/imt_sdk_win_64/winavr/bin/../lib/gcc/avr/4.3.3/avr5\libgcc.a(_thenan_sf.o)
 .text          0x0000069e       0xf2 d:/iti 3 month/imt tools/imt tools/sdk/imt_sdk_win_64/imt_sdk_win_64/winavr/bin/../lib/gcc/avr/4.3.3/avr5\libgcc.a(_usi_to_sf.o)
                0x0000069e                __floatunsisf
 .text          0x00000790        0x0 d:/iti 3 month/imt tools/imt tools/sdk/imt_sdk_win_64/imt_sdk_win_64/winavr/bin/../lib/gcc/avr/4.3.3/avr5\libgcc.a(_prologue.o)
 .text          0x00000790        0x0 d:/iti 3 month/imt tools/imt tools/sdk/imt_sdk_win_64/imt_sdk_win_64/winavr/bin/../lib/gcc/avr/4.3.3/avr5\libgcc.a(_epilogue.o)
 .text          0x00000790        0x0 d:/iti 3 month/imt tools/imt tools/sdk/imt_sdk_win_64/imt_sdk_win_64/winavr/bin/../lib/gcc/avr/4.3.3/avr5\libgcc.a(_copy_data.o)
 .text          0x00000790       0x9e d:/iti 3 month/imt tools/imt tools/sdk/imt_sdk_win_64/imt_sdk_win_64/winavr/bin/../lib/gcc/avr/4.3.3/avr5\libgcc.a(_clzsi2.o)
                0x00000790                __clzsi2
 .text          0x0000082e      0x1aa d:/iti 3 month/imt tools/imt tools/sdk/imt_sdk_win_64/imt_sdk_win_64/winavr/bin/../lib/gcc/avr/4.3.3/avr5\libgcc.a(_pack_sf.o)
                0x0000082e                __pack_f
 .text          0x000009d8       0xf0 d:/iti 3 month/imt tools/imt tools/sdk/imt_sdk_win_64/imt_sdk_win_64/winavr/bin/../lib/gcc/avr/4.3.3/avr5\libgcc.a(_unpack_sf.o)
                0x000009d8                __unpack_f
 .text          0x00000ac8       0xb2 d:/iti 3 month/imt tools/imt tools/sdk/imt_sdk_win_64/imt_sdk_win_64/winavr/bin/../lib/gcc/avr/4.3.3/avr5\libgcc.a(_fpcmp_parts_sf.o)
                0x00000ac8                __fpcmp_parts_f
 .text          0x00000b7a        0x0 d:/iti 3 month/imt tools/imt tools/sdk/imt_sdk_win_64/imt_sdk_win_64/winavr/bin/../lib/gcc/avr/4.3.3/avr5\libgcc.a(_clz.o)
                0x00000b7a                . = ALIGN (0x2)
 *(.text.*)
 .text.DIO_Init
                0x00000b7a        0xe ./DIO_Program.o
                0x00000b7a                DIO_Init
 .text.DIO_VidSetPortDirection
                0x00000b88       0xf0 ./DIO_Program.o
                0x00000b88                DIO_VidSetPortDirection
 .text.DIO_VidSetPinDirection
                0x00000c78      0x202 ./DIO_Program.o
                0x00000c78                DIO_VidSetPinDirection
 .text.DIO_VidSetPortValue
                0x00000e7a       0x82 ./DIO_Program.o
                0x00000e7a                DIO_VidSetPortValue
 .text.DIO_VidSetPinValue
                0x00000efc      0x202 ./DIO_Program.o
                0x00000efc                DIO_VidSetPinValue
 .text.DIO_VidTogglePin
                0x000010fe       0xfa ./DIO_Program.o
                0x000010fe                DIO_VidTogglePin
 .text.DIO_U8GetPinValue
                0x000011f8       0xf2 ./DIO_Program.o
                0x000011f8                DIO_U8GetPinValue
 .text.Timer0_Duty
                0x000012ea       0x1c ./Timer_Program.o
                0x000012ea                Timer0_Duty
 .text.Timer0_Delay
                0x00001306       0x84 ./Timer_Program.o
                0x00001306                Timer0_Delay
 .text.Timer0_Init
                0x0000138a       0x7a ./Timer_Program.o
                0x0000138a                Timer0_Init
 .text.__vector_11
                0x00001404       0xc2 ./Timer_Program.o
                0x00001404                __vector_11
 .text.main     0x000014c6       0x42 ./main.o
                0x000014c6                main
 .text.libgcc   0x00001508        0x0 d:/iti 3 month/imt tools/imt tools/sdk/imt_sdk_win_64/imt_sdk_win_64/winavr/bin/../lib/gcc/avr/4.3.3/avr5\libgcc.a(_exit.o)
 .text.libgcc   0x00001508        0x0 d:/iti 3 month/imt tools/imt tools/sdk/imt_sdk_win_64/imt_sdk_win_64/winavr/bin/../lib/gcc/avr/4.3.3/avr5\libgcc.a(_clear_bss.o)
 .text.libgcc   0x00001508       0x38 d:/iti 3 month/imt tools/imt tools/sdk/imt_sdk_win_64/imt_sdk_win_64/winavr/bin/../lib/gcc/avr/4.3.3/avr5\libgcc.a(_prologue.o)
                0x00001508                __prologue_saves__
 .text.libgcc   0x00001540       0x36 d:/iti 3 month/imt tools/imt tools/sdk/imt_sdk_win_64/imt_sdk_win_64/winavr/bin/../lib/gcc/avr/4.3.3/avr5\libgcc.a(_epilogue.o)
                0x00001540                __epilogue_restores__
 .text.libgcc   0x00001576        0x0 d:/iti 3 month/imt tools/imt tools/sdk/imt_sdk_win_64/imt_sdk_win_64/winavr/bin/../lib/gcc/avr/4.3.3/avr5\libgcc.a(_copy_data.o)
                0x00001576                . = ALIGN (0x2)
 *(.fini9)
 .fini9         0x00001576        0x0 d:/iti 3 month/imt tools/imt tools/sdk/imt_sdk_win_64/imt_sdk_win_64/winavr/bin/../lib/gcc/avr/4.3.3/avr5\libgcc.a(_exit.o)
                0x00001576                exit
                0x00001576                _exit
 *(.fini9)
 *(.fini8)
 *(.fini8)
 *(.fini7)
 *(.fini7)
 *(.fini6)
 *(.fini6)
 *(.fini5)
 *(.fini5)
 *(.fini4)
 *(.fini4)
 *(.fini3)
 *(.fini3)
 *(.fini2)
 *(.fini2)
 *(.fini1)
 *(.fini1)
 *(.fini0)
 .fini0         0x00001576        0x4 d:/iti 3 month/imt tools/imt tools/sdk/imt_sdk_win_64/imt_sdk_win_64/winavr/bin/../lib/gcc/avr/4.3.3/avr5\libgcc.a(_exit.o)
 *(.fini0)
                0x0000157a                _etext = .

.data           0x00800060      0x108 load address 0x0000157a
                0x00800060                PROVIDE (__data_start, .)
 *(.data)
 .data          0x00800060        0x0 d:/iti 3 month/imt tools/imt tools/sdk/imt_sdk_win_64/imt_sdk_win_64/winavr/bin/../lib/gcc/avr/4.3.3/../../../../avr/lib/avr5/crtm32.o
 .data          0x00800060        0x0 ./DIO_Program.o
 .data          0x00800060        0x0 ./Timer_Program.o
 .data          0x00800060        0x0 ./main.o
 .data          0x00800060        0x0 d:/iti 3 month/imt tools/imt tools/sdk/imt_sdk_win_64/imt_sdk_win_64/winavr/bin/../lib/gcc/avr/4.3.3/avr5\libgcc.a(_exit.o)
 .data          0x00800060        0x0 d:/iti 3 month/imt tools/imt tools/sdk/imt_sdk_win_64/imt_sdk_win_64/winavr/bin/../lib/gcc/avr/4.3.3/avr5\libgcc.a(_clear_bss.o)
 .data          0x00800060        0x0 d:/iti 3 month/imt tools/imt tools/sdk/imt_sdk_win_64/imt_sdk_win_64/winavr/bin/../lib/gcc/avr/4.3.3/avr5\libgcc.a(_fixunssfsi.o)
 .data          0x00800060        0x0 d:/iti 3 month/imt tools/imt tools/sdk/imt_sdk_win_64/imt_sdk_win_64/winavr/bin/../lib/gcc/avr/4.3.3/avr5\libgcc.a(_addsub_sf.o)
 .data          0x00800060        0x0 d:/iti 3 month/imt tools/imt tools/sdk/imt_sdk_win_64/imt_sdk_win_64/winavr/bin/../lib/gcc/avr/4.3.3/avr5\libgcc.a(_div_sf.o)
 .data          0x00800060        0x0 d:/iti 3 month/imt tools/imt tools/sdk/imt_sdk_win_64/imt_sdk_win_64/winavr/bin/../lib/gcc/avr/4.3.3/avr5\libgcc.a(_ge_sf.o)
 .data          0x00800060        0x0 d:/iti 3 month/imt tools/imt tools/sdk/imt_sdk_win_64/imt_sdk_win_64/winavr/bin/../lib/gcc/avr/4.3.3/avr5\libgcc.a(_sf_to_si.o)
 .data          0x00800060        0x8 d:/iti 3 month/imt tools/imt tools/sdk/imt_sdk_win_64/imt_sdk_win_64/winavr/bin/../lib/gcc/avr/4.3.3/avr5\libgcc.a(_thenan_sf.o)
                0x00800060                __thenan_sf
 .data          0x00800068        0x0 d:/iti 3 month/imt tools/imt tools/sdk/imt_sdk_win_64/imt_sdk_win_64/winavr/bin/../lib/gcc/avr/4.3.3/avr5\libgcc.a(_usi_to_sf.o)
 .data          0x00800068        0x0 d:/iti 3 month/imt tools/imt tools/sdk/imt_sdk_win_64/imt_sdk_win_64/winavr/bin/../lib/gcc/avr/4.3.3/avr5\libgcc.a(_prologue.o)
 .data          0x00800068        0x0 d:/iti 3 month/imt tools/imt tools/sdk/imt_sdk_win_64/imt_sdk_win_64/winavr/bin/../lib/gcc/avr/4.3.3/avr5\libgcc.a(_epilogue.o)
 .data          0x00800068        0x0 d:/iti 3 month/imt tools/imt tools/sdk/imt_sdk_win_64/imt_sdk_win_64/winavr/bin/../lib/gcc/avr/4.3.3/avr5\libgcc.a(_copy_data.o)
 .data          0x00800068        0x0 d:/iti 3 month/imt tools/imt tools/sdk/imt_sdk_win_64/imt_sdk_win_64/winavr/bin/../lib/gcc/avr/4.3.3/avr5\libgcc.a(_clzsi2.o)
 .data          0x00800068        0x0 d:/iti 3 month/imt tools/imt tools/sdk/imt_sdk_win_64/imt_sdk_win_64/winavr/bin/../lib/gcc/avr/4.3.3/avr5\libgcc.a(_pack_sf.o)
 .data          0x00800068        0x0 d:/iti 3 month/imt tools/imt tools/sdk/imt_sdk_win_64/imt_sdk_win_64/winavr/bin/../lib/gcc/avr/4.3.3/avr5\libgcc.a(_unpack_sf.o)
 .data          0x00800068        0x0 d:/iti 3 month/imt tools/imt tools/sdk/imt_sdk_win_64/imt_sdk_win_64/winavr/bin/../lib/gcc/avr/4.3.3/avr5\libgcc.a(_fpcmp_parts_sf.o)
 .data          0x00800068      0x100 d:/iti 3 month/imt tools/imt tools/sdk/imt_sdk_win_64/imt_sdk_win_64/winavr/bin/../lib/gcc/avr/4.3.3/avr5\libgcc.a(_clz.o)
                0x00800068                __clz_tab
 *(.data*)
 *(.rodata)
 *(.rodata*)
 *(.gnu.linkonce.d*)
                0x00800168                . = ALIGN (0x2)
                0x00800168                _edata = .
                0x00800168                PROVIDE (__data_end, .)

.bss            0x00800168        0x9
                0x00800168                PROVIDE (__bss_start, .)
 *(.bss)
 .bss           0x00800168        0x0 d:/iti 3 month/imt tools/imt tools/sdk/imt_sdk_win_64/imt_sdk_win_64/winavr/bin/../lib/gcc/avr/4.3.3/../../../../avr/lib/avr5/crtm32.o
 .bss           0x00800168        0x0 ./DIO_Program.o
 .bss           0x00800168        0x0 ./Timer_Program.o
 .bss           0x00800168        0x0 ./main.o
 .bss           0x00800168        0x0 d:/iti 3 month/imt tools/imt tools/sdk/imt_sdk_win_64/imt_sdk_win_64/winavr/bin/../lib/gcc/avr/4.3.3/avr5\libgcc.a(_exit.o)
 .bss           0x00800168        0x0 d:/iti 3 month/imt tools/imt tools/sdk/imt_sdk_win_64/imt_sdk_win_64/winavr/bin/../lib/gcc/avr/4.3.3/avr5\libgcc.a(_clear_bss.o)
 .bss           0x00800168        0x0 d:/iti 3 month/imt tools/imt tools/sdk/imt_sdk_win_64/imt_sdk_win_64/winavr/bin/../lib/gcc/avr/4.3.3/avr5\libgcc.a(_fixunssfsi.o)
 .bss           0x00800168        0x0 d:/iti 3 month/imt tools/imt tools/sdk/imt_sdk_win_64/imt_sdk_win_64/winavr/bin/../lib/gcc/avr/4.3.3/avr5\libgcc.a(_addsub_sf.o)
 .bss           0x00800168        0x0 d:/iti 3 month/imt tools/imt tools/sdk/imt_sdk_win_64/imt_sdk_win_64/winavr/bin/../lib/gcc/avr/4.3.3/avr5\libgcc.a(_div_sf.o)
 .bss           0x00800168        0x0 d:/iti 3 month/imt tools/imt tools/sdk/imt_sdk_win_64/imt_sdk_win_64/winavr/bin/../lib/gcc/avr/4.3.3/avr5\libgcc.a(_ge_sf.o)
 .bss           0x00800168        0x0 d:/iti 3 month/imt tools/imt tools/sdk/imt_sdk_win_64/imt_sdk_win_64/winavr/bin/../lib/gcc/avr/4.3.3/avr5\libgcc.a(_sf_to_si.o)
 .bss           0x00800168        0x0 d:/iti 3 month/imt tools/imt tools/sdk/imt_sdk_win_64/imt_sdk_win_64/winavr/bin/../lib/gcc/avr/4.3.3/avr5\libgcc.a(_thenan_sf.o)
 .bss           0x00800168        0x0 d:/iti 3 month/imt tools/imt tools/sdk/imt_sdk_win_64/imt_sdk_win_64/winavr/bin/../lib/gcc/avr/4.3.3/avr5\libgcc.a(_usi_to_sf.o)
 .bss           0x00800168        0x0 d:/iti 3 month/imt tools/imt tools/sdk/imt_sdk_win_64/imt_sdk_win_64/winavr/bin/../lib/gcc/avr/4.3.3/avr5\libgcc.a(_prologue.o)
 .bss           0x00800168        0x0 d:/iti 3 month/imt tools/imt tools/sdk/imt_sdk_win_64/imt_sdk_win_64/winavr/bin/../lib/gcc/avr/4.3.3/avr5\libgcc.a(_epilogue.o)
 .bss           0x00800168        0x0 d:/iti 3 month/imt tools/imt tools/sdk/imt_sdk_win_64/imt_sdk_win_64/winavr/bin/../lib/gcc/avr/4.3.3/avr5\libgcc.a(_copy_data.o)
 .bss           0x00800168        0x0 d:/iti 3 month/imt tools/imt tools/sdk/imt_sdk_win_64/imt_sdk_win_64/winavr/bin/../lib/gcc/avr/4.3.3/avr5\libgcc.a(_clzsi2.o)
 .bss           0x00800168        0x0 d:/iti 3 month/imt tools/imt tools/sdk/imt_sdk_win_64/imt_sdk_win_64/winavr/bin/../lib/gcc/avr/4.3.3/avr5\libgcc.a(_pack_sf.o)
 .bss           0x00800168        0x0 d:/iti 3 month/imt tools/imt tools/sdk/imt_sdk_win_64/imt_sdk_win_64/winavr/bin/../lib/gcc/avr/4.3.3/avr5\libgcc.a(_unpack_sf.o)
 .bss           0x00800168        0x0 d:/iti 3 month/imt tools/imt tools/sdk/imt_sdk_win_64/imt_sdk_win_64/winavr/bin/../lib/gcc/avr/4.3.3/avr5\libgcc.a(_fpcmp_parts_sf.o)
 .bss           0x00800168        0x0 d:/iti 3 month/imt tools/imt tools/sdk/imt_sdk_win_64/imt_sdk_win_64/winavr/bin/../lib/gcc/avr/4.3.3/avr5\libgcc.a(_clz.o)
 *(.bss*)
 .bss.counter.1332
                0x00800168        0x4 ./Timer_Program.o
 *(COMMON)
 COMMON         0x0080016c        0x5 ./Timer_Program.o
                0x0080016c                preload
                0x0080016d                counter_ov
                0x00800171                PROVIDE (__bss_end, .)
                0x0000157a                __data_load_start = LOADADDR (.data)
                0x00001682                __data_load_end = (__data_load_start + SIZEOF (.data))

.noinit         0x00800171        0x0
                0x00800171                PROVIDE (__noinit_start, .)
 *(.noinit*)
                0x00800171                PROVIDE (__noinit_end, .)
                0x00800171                _end = .
                0x00800171                PROVIDE (__heap_start, .)

.eeprom         0x00810000        0x0
 *(.eeprom*)
                0x00810000                __eeprom_end = .

.fuse
 *(.fuse)
 *(.lfuse)
 *(.hfuse)
 *(.efuse)

.lock
 *(.lock*)

.signature
 *(.signature*)

.stab           0x00000000      0xb70
 *(.stab)
 .stab          0x00000000      0x57c ./DIO_Program.o
 .stab          0x0000057c      0x48c ./Timer_Program.o
                                0x4ec (size before relaxing)
 .stab          0x00000a08      0x168 ./main.o
                                0x354 (size before relaxing)

.stabstr        0x00000000      0x94e
 *(.stabstr)
 .stabstr       0x00000000      0x94e ./DIO_Program.o

.stab.excl
 *(.stab.excl)

.stab.exclstr
 *(.stab.exclstr)

.stab.index
 *(.stab.index)

.stab.indexstr
 *(.stab.indexstr)

.comment
 *(.comment)

.debug
 *(.debug)

.line
 *(.line)

.debug_srcinfo
 *(.debug_srcinfo)

.debug_sfnames
 *(.debug_sfnames)

.debug_aranges  0x00000000      0x140
 *(.debug_aranges)
 .debug_aranges
                0x00000000       0x20 d:/iti 3 month/imt tools/imt tools/sdk/imt_sdk_win_64/imt_sdk_win_64/winavr/bin/../lib/gcc/avr/4.3.3/avr5\libgcc.a(_fixunssfsi.o)
 .debug_aranges
                0x00000020       0x20 d:/iti 3 month/imt tools/imt tools/sdk/imt_sdk_win_64/imt_sdk_win_64/winavr/bin/../lib/gcc/avr/4.3.3/avr5\libgcc.a(_addsub_sf.o)
 .debug_aranges
                0x00000040       0x20 d:/iti 3 month/imt tools/imt tools/sdk/imt_sdk_win_64/imt_sdk_win_64/winavr/bin/../lib/gcc/avr/4.3.3/avr5\libgcc.a(_div_sf.o)
 .debug_aranges
                0x00000060       0x20 d:/iti 3 month/imt tools/imt tools/sdk/imt_sdk_win_64/imt_sdk_win_64/winavr/bin/../lib/gcc/avr/4.3.3/avr5\libgcc.a(_ge_sf.o)
 .debug_aranges
                0x00000080       0x20 d:/iti 3 month/imt tools/imt tools/sdk/imt_sdk_win_64/imt_sdk_win_64/winavr/bin/../lib/gcc/avr/4.3.3/avr5\libgcc.a(_sf_to_si.o)
 .debug_aranges
                0x000000a0       0x20 d:/iti 3 month/imt tools/imt tools/sdk/imt_sdk_win_64/imt_sdk_win_64/winavr/bin/../lib/gcc/avr/4.3.3/avr5\libgcc.a(_usi_to_sf.o)
 .debug_aranges
                0x000000c0       0x20 d:/iti 3 month/imt tools/imt tools/sdk/imt_sdk_win_64/imt_sdk_win_64/winavr/bin/../lib/gcc/avr/4.3.3/avr5\libgcc.a(_clzsi2.o)
 .debug_aranges
                0x000000e0       0x20 d:/iti 3 month/imt tools/imt tools/sdk/imt_sdk_win_64/imt_sdk_win_64/winavr/bin/../lib/gcc/avr/4.3.3/avr5\libgcc.a(_pack_sf.o)
 .debug_aranges
                0x00000100       0x20 d:/iti 3 month/imt tools/imt tools/sdk/imt_sdk_win_64/imt_sdk_win_64/winavr/bin/../lib/gcc/avr/4.3.3/avr5\libgcc.a(_unpack_sf.o)
 .debug_aranges
                0x00000120       0x20 d:/iti 3 month/imt tools/imt tools/sdk/imt_sdk_win_64/imt_sdk_win_64/winavr/bin/../lib/gcc/avr/4.3.3/avr5\libgcc.a(_fpcmp_parts_sf.o)

.debug_pubnames
                0x00000000      0x197
 *(.debug_pubnames)
 .debug_pubnames
                0x00000000       0x23 d:/iti 3 month/imt tools/imt tools/sdk/imt_sdk_win_64/imt_sdk_win_64/winavr/bin/../lib/gcc/avr/4.3.3/avr5\libgcc.a(_fixunssfsi.o)
 .debug_pubnames
                0x00000023       0x2c d:/iti 3 month/imt tools/imt tools/sdk/imt_sdk_win_64/imt_sdk_win_64/winavr/bin/../lib/gcc/avr/4.3.3/avr5\libgcc.a(_addsub_sf.o)
 .debug_pubnames
                0x0000004f       0x1f d:/iti 3 month/imt tools/imt tools/sdk/imt_sdk_win_64/imt_sdk_win_64/winavr/bin/../lib/gcc/avr/4.3.3/avr5\libgcc.a(_div_sf.o)
 .debug_pubnames
                0x0000006e       0x1e d:/iti 3 month/imt tools/imt tools/sdk/imt_sdk_win_64/imt_sdk_win_64/winavr/bin/../lib/gcc/avr/4.3.3/avr5\libgcc.a(_ge_sf.o)
 .debug_pubnames
                0x0000008c       0x20 d:/iti 3 month/imt tools/imt tools/sdk/imt_sdk_win_64/imt_sdk_win_64/winavr/bin/../lib/gcc/avr/4.3.3/avr5\libgcc.a(_sf_to_si.o)
 .debug_pubnames
                0x000000ac       0x22 d:/iti 3 month/imt tools/imt tools/sdk/imt_sdk_win_64/imt_sdk_win_64/winavr/bin/../lib/gcc/avr/4.3.3/avr5\libgcc.a(_thenan_sf.o)
 .debug_pubnames
                0x000000ce       0x24 d:/iti 3 month/imt tools/imt tools/sdk/imt_sdk_win_64/imt_sdk_win_64/winavr/bin/../lib/gcc/avr/4.3.3/avr5\libgcc.a(_usi_to_sf.o)
 .debug_pubnames
                0x000000f2       0x1f d:/iti 3 month/imt tools/imt tools/sdk/imt_sdk_win_64/imt_sdk_win_64/winavr/bin/../lib/gcc/avr/4.3.3/avr5\libgcc.a(_clzsi2.o)
 .debug_pubnames
                0x00000111       0x1f d:/iti 3 month/imt tools/imt tools/sdk/imt_sdk_win_64/imt_sdk_win_64/winavr/bin/../lib/gcc/avr/4.3.3/avr5\libgcc.a(_pack_sf.o)
 .debug_pubnames
                0x00000130       0x21 d:/iti 3 month/imt tools/imt tools/sdk/imt_sdk_win_64/imt_sdk_win_64/winavr/bin/../lib/gcc/avr/4.3.3/avr5\libgcc.a(_unpack_sf.o)
 .debug_pubnames
                0x00000151       0x26 d:/iti 3 month/imt tools/imt tools/sdk/imt_sdk_win_64/imt_sdk_win_64/winavr/bin/../lib/gcc/avr/4.3.3/avr5\libgcc.a(_fpcmp_parts_sf.o)
 .debug_pubnames
                0x00000177       0x20 d:/iti 3 month/imt tools/imt tools/sdk/imt_sdk_win_64/imt_sdk_win_64/winavr/bin/../lib/gcc/avr/4.3.3/avr5\libgcc.a(_clz.o)

.debug_info     0x00000000     0x1a88
 *(.debug_info)
 .debug_info    0x00000000       0xb1 d:/iti 3 month/imt tools/imt tools/sdk/imt_sdk_win_64/imt_sdk_win_64/winavr/bin/../lib/gcc/avr/4.3.3/avr5\libgcc.a(_fixunssfsi.o)
 .debug_info    0x000000b1      0x47a d:/iti 3 month/imt tools/imt tools/sdk/imt_sdk_win_64/imt_sdk_win_64/winavr/bin/../lib/gcc/avr/4.3.3/avr5\libgcc.a(_addsub_sf.o)
 .debug_info    0x0000052b      0x3fc d:/iti 3 month/imt tools/imt tools/sdk/imt_sdk_win_64/imt_sdk_win_64/winavr/bin/../lib/gcc/avr/4.3.3/avr5\libgcc.a(_div_sf.o)
 .debug_info    0x00000927      0x27f d:/iti 3 month/imt tools/imt tools/sdk/imt_sdk_win_64/imt_sdk_win_64/winavr/bin/../lib/gcc/avr/4.3.3/avr5\libgcc.a(_ge_sf.o)
 .debug_info    0x00000ba6      0x2b0 d:/iti 3 month/imt tools/imt tools/sdk/imt_sdk_win_64/imt_sdk_win_64/winavr/bin/../lib/gcc/avr/4.3.3/avr5\libgcc.a(_sf_to_si.o)
 .debug_info    0x00000e56      0x12c d:/iti 3 month/imt tools/imt tools/sdk/imt_sdk_win_64/imt_sdk_win_64/winavr/bin/../lib/gcc/avr/4.3.3/avr5\libgcc.a(_thenan_sf.o)
 .debug_info    0x00000f82      0x206 d:/iti 3 month/imt tools/imt tools/sdk/imt_sdk_win_64/imt_sdk_win_64/winavr/bin/../lib/gcc/avr/4.3.3/avr5\libgcc.a(_usi_to_sf.o)
 .debug_info    0x00001188      0x117 d:/iti 3 month/imt tools/imt tools/sdk/imt_sdk_win_64/imt_sdk_win_64/winavr/bin/../lib/gcc/avr/4.3.3/avr5\libgcc.a(_clzsi2.o)
 .debug_info    0x0000129f      0x2df d:/iti 3 month/imt tools/imt tools/sdk/imt_sdk_win_64/imt_sdk_win_64/winavr/bin/../lib/gcc/avr/4.3.3/avr5\libgcc.a(_pack_sf.o)
 .debug_info    0x0000157e      0x251 d:/iti 3 month/imt tools/imt tools/sdk/imt_sdk_win_64/imt_sdk_win_64/winavr/bin/../lib/gcc/avr/4.3.3/avr5\libgcc.a(_unpack_sf.o)
 .debug_info    0x000017cf      0x210 d:/iti 3 month/imt tools/imt tools/sdk/imt_sdk_win_64/imt_sdk_win_64/winavr/bin/../lib/gcc/avr/4.3.3/avr5\libgcc.a(_fpcmp_parts_sf.o)
 .debug_info    0x000019df       0xa9 d:/iti 3 month/imt tools/imt tools/sdk/imt_sdk_win_64/imt_sdk_win_64/winavr/bin/../lib/gcc/avr/4.3.3/avr5\libgcc.a(_clz.o)
 *(.gnu.linkonce.wi.*)

.debug_abbrev   0x00000000      0xeb7
 *(.debug_abbrev)
 .debug_abbrev  0x00000000       0x5d d:/iti 3 month/imt tools/imt tools/sdk/imt_sdk_win_64/imt_sdk_win_64/winavr/bin/../lib/gcc/avr/4.3.3/avr5\libgcc.a(_fixunssfsi.o)
 .debug_abbrev  0x0000005d      0x1ea d:/iti 3 month/imt tools/imt tools/sdk/imt_sdk_win_64/imt_sdk_win_64/winavr/bin/../lib/gcc/avr/4.3.3/avr5\libgcc.a(_addsub_sf.o)
 .debug_abbrev  0x00000247      0x216 d:/iti 3 month/imt tools/imt tools/sdk/imt_sdk_win_64/imt_sdk_win_64/winavr/bin/../lib/gcc/avr/4.3.3/avr5\libgcc.a(_div_sf.o)
 .debug_abbrev  0x0000045d      0x15a d:/iti 3 month/imt tools/imt tools/sdk/imt_sdk_win_64/imt_sdk_win_64/winavr/bin/../lib/gcc/avr/4.3.3/avr5\libgcc.a(_ge_sf.o)
 .debug_abbrev  0x000005b7      0x17f d:/iti 3 month/imt tools/imt tools/sdk/imt_sdk_win_64/imt_sdk_win_64/winavr/bin/../lib/gcc/avr/4.3.3/avr5\libgcc.a(_sf_to_si.o)
 .debug_abbrev  0x00000736       0xad d:/iti 3 month/imt tools/imt tools/sdk/imt_sdk_win_64/imt_sdk_win_64/winavr/bin/../lib/gcc/avr/4.3.3/avr5\libgcc.a(_thenan_sf.o)
 .debug_abbrev  0x000007e3      0x157 d:/iti 3 month/imt tools/imt tools/sdk/imt_sdk_win_64/imt_sdk_win_64/winavr/bin/../lib/gcc/avr/4.3.3/avr5\libgcc.a(_usi_to_sf.o)
 .debug_abbrev  0x0000093a       0xc4 d:/iti 3 month/imt tools/imt tools/sdk/imt_sdk_win_64/imt_sdk_win_64/winavr/bin/../lib/gcc/avr/4.3.3/avr5\libgcc.a(_clzsi2.o)
 .debug_abbrev  0x000009fe      0x1c0 d:/iti 3 month/imt tools/imt tools/sdk/imt_sdk_win_64/imt_sdk_win_64/winavr/bin/../lib/gcc/avr/4.3.3/avr5\libgcc.a(_pack_sf.o)
 .debug_abbrev  0x00000bbe      0x154 d:/iti 3 month/imt tools/imt tools/sdk/imt_sdk_win_64/imt_sdk_win_64/winavr/bin/../lib/gcc/avr/4.3.3/avr5\libgcc.a(_unpack_sf.o)
 .debug_abbrev  0x00000d12      0x13b d:/iti 3 month/imt tools/imt tools/sdk/imt_sdk_win_64/imt_sdk_win_64/winavr/bin/../lib/gcc/avr/4.3.3/avr5\libgcc.a(_fpcmp_parts_sf.o)
 .debug_abbrev  0x00000e4d       0x6a d:/iti 3 month/imt tools/imt tools/sdk/imt_sdk_win_64/imt_sdk_win_64/winavr/bin/../lib/gcc/avr/4.3.3/avr5\libgcc.a(_clz.o)

.debug_line     0x00000000      0xdf7
 *(.debug_line)
 .debug_line    0x00000000       0xa7 d:/iti 3 month/imt tools/imt tools/sdk/imt_sdk_win_64/imt_sdk_win_64/winavr/bin/../lib/gcc/avr/4.3.3/avr5\libgcc.a(_fixunssfsi.o)
 .debug_line    0x000000a7      0x2af d:/iti 3 month/imt tools/imt tools/sdk/imt_sdk_win_64/imt_sdk_win_64/winavr/bin/../lib/gcc/avr/4.3.3/avr5\libgcc.a(_addsub_sf.o)
 .debug_line    0x00000356      0x1d5 d:/iti 3 month/imt tools/imt tools/sdk/imt_sdk_win_64/imt_sdk_win_64/winavr/bin/../lib/gcc/avr/4.3.3/avr5\libgcc.a(_div_sf.o)
 .debug_line    0x0000052b       0xd3 d:/iti 3 month/imt tools/imt tools/sdk/imt_sdk_win_64/imt_sdk_win_64/winavr/bin/../lib/gcc/avr/4.3.3/avr5\libgcc.a(_ge_sf.o)
 .debug_line    0x000005fe      0x109 d:/iti 3 month/imt tools/imt tools/sdk/imt_sdk_win_64/imt_sdk_win_64/winavr/bin/../lib/gcc/avr/4.3.3/avr5\libgcc.a(_sf_to_si.o)
 .debug_line    0x00000707       0x90 d:/iti 3 month/imt tools/imt tools/sdk/imt_sdk_win_64/imt_sdk_win_64/winavr/bin/../lib/gcc/avr/4.3.3/avr5\libgcc.a(_thenan_sf.o)
 .debug_line    0x00000797      0x133 d:/iti 3 month/imt tools/imt tools/sdk/imt_sdk_win_64/imt_sdk_win_64/winavr/bin/../lib/gcc/avr/4.3.3/avr5\libgcc.a(_usi_to_sf.o)
 .debug_line    0x000008ca       0xa5 d:/iti 3 month/imt tools/imt tools/sdk/imt_sdk_win_64/imt_sdk_win_64/winavr/bin/../lib/gcc/avr/4.3.3/avr5\libgcc.a(_clzsi2.o)
 .debug_line    0x0000096f      0x18a d:/iti 3 month/imt tools/imt tools/sdk/imt_sdk_win_64/imt_sdk_win_64/winavr/bin/../lib/gcc/avr/4.3.3/avr5\libgcc.a(_pack_sf.o)
 .debug_line    0x00000af9      0x14b d:/iti 3 month/imt tools/imt tools/sdk/imt_sdk_win_64/imt_sdk_win_64/winavr/bin/../lib/gcc/avr/4.3.3/avr5\libgcc.a(_unpack_sf.o)
 .debug_line    0x00000c44      0x137 d:/iti 3 month/imt tools/imt tools/sdk/imt_sdk_win_64/imt_sdk_win_64/winavr/bin/../lib/gcc/avr/4.3.3/avr5\libgcc.a(_fpcmp_parts_sf.o)
 .debug_line    0x00000d7b       0x7c d:/iti 3 month/imt tools/imt tools/sdk/imt_sdk_win_64/imt_sdk_win_64/winavr/bin/../lib/gcc/avr/4.3.3/avr5\libgcc.a(_clz.o)

.debug_frame    0x00000000      0x160
 *(.debug_frame)
 .debug_frame   0x00000000       0x20 d:/iti 3 month/imt tools/imt tools/sdk/imt_sdk_win_64/imt_sdk_win_64/winavr/bin/../lib/gcc/avr/4.3.3/avr5\libgcc.a(_fixunssfsi.o)
 .debug_frame   0x00000020       0x40 d:/iti 3 month/imt tools/imt tools/sdk/imt_sdk_win_64/imt_sdk_win_64/winavr/bin/../lib/gcc/avr/4.3.3/avr5\libgcc.a(_addsub_sf.o)
 .debug_frame   0x00000060       0x20 d:/iti 3 month/imt tools/imt tools/sdk/imt_sdk_win_64/imt_sdk_win_64/winavr/bin/../lib/gcc/avr/4.3.3/avr5\libgcc.a(_div_sf.o)
 .debug_frame   0x00000080       0x20 d:/iti 3 month/imt tools/imt tools/sdk/imt_sdk_win_64/imt_sdk_win_64/winavr/bin/../lib/gcc/avr/4.3.3/avr5\libgcc.a(_ge_sf.o)
 .debug_frame   0x000000a0       0x20 d:/iti 3 month/imt tools/imt tools/sdk/imt_sdk_win_64/imt_sdk_win_64/winavr/bin/../lib/gcc/avr/4.3.3/avr5\libgcc.a(_sf_to_si.o)
 .debug_frame   0x000000c0       0x20 d:/iti 3 month/imt tools/imt tools/sdk/imt_sdk_win_64/imt_sdk_win_64/winavr/bin/../lib/gcc/avr/4.3.3/avr5\libgcc.a(_usi_to_sf.o)
 .debug_frame   0x000000e0       0x20 d:/iti 3 month/imt tools/imt tools/sdk/imt_sdk_win_64/imt_sdk_win_64/winavr/bin/../lib/gcc/avr/4.3.3/avr5\libgcc.a(_clzsi2.o)
 .debug_frame   0x00000100       0x20 d:/iti 3 month/imt tools/imt tools/sdk/imt_sdk_win_64/imt_sdk_win_64/winavr/bin/../lib/gcc/avr/4.3.3/avr5\libgcc.a(_pack_sf.o)
 .debug_frame   0x00000120       0x20 d:/iti 3 month/imt tools/imt tools/sdk/imt_sdk_win_64/imt_sdk_win_64/winavr/bin/../lib/gcc/avr/4.3.3/avr5\libgcc.a(_unpack_sf.o)
 .debug_frame   0x00000140       0x20 d:/iti 3 month/imt tools/imt tools/sdk/imt_sdk_win_64/imt_sdk_win_64/winavr/bin/../lib/gcc/avr/4.3.3/avr5\libgcc.a(_fpcmp_parts_sf.o)

.debug_str      0x00000000      0x2bf
 *(.debug_str)
 .debug_str     0x00000000       0xbf d:/iti 3 month/imt tools/imt tools/sdk/imt_sdk_win_64/imt_sdk_win_64/winavr/bin/../lib/gcc/avr/4.3.3/avr5\libgcc.a(_fixunssfsi.o)
                                 0xfe (size before relaxing)
 .debug_str     0x000000bf      0x14d d:/iti 3 month/imt tools/imt tools/sdk/imt_sdk_win_64/imt_sdk_win_64/winavr/bin/../lib/gcc/avr/4.3.3/avr5\libgcc.a(_addsub_sf.o)
                                0x206 (size before relaxing)
 .debug_str     0x0000020c       0x35 d:/iti 3 month/imt tools/imt tools/sdk/imt_sdk_win_64/imt_sdk_win_64/winavr/bin/../lib/gcc/avr/4.3.3/avr5\libgcc.a(_div_sf.o)
                                0x1c8 (size before relaxing)
 .debug_str     0x00000241        0x8 d:/iti 3 month/imt tools/imt tools/sdk/imt_sdk_win_64/imt_sdk_win_64/winavr/bin/../lib/gcc/avr/4.3.3/avr5\libgcc.a(_ge_sf.o)
                                0x195 (size before relaxing)
 .debug_str     0x00000249        0xa d:/iti 3 month/imt tools/imt tools/sdk/imt_sdk_win_64/imt_sdk_win_64/winavr/bin/../lib/gcc/avr/4.3.3/avr5\libgcc.a(_sf_to_si.o)
                                0x19e (size before relaxing)
 .debug_str     0x00000000      0x103 d:/iti 3 month/imt tools/imt tools/sdk/imt_sdk_win_64/imt_sdk_win_64/winavr/bin/../lib/gcc/avr/4.3.3/avr5\libgcc.a(_thenan_sf.o)
 .debug_str     0x00000253       0x21 d:/iti 3 month/imt tools/imt tools/sdk/imt_sdk_win_64/imt_sdk_win_64/winavr/bin/../lib/gcc/avr/4.3.3/avr5\libgcc.a(_usi_to_sf.o)
                                0x177 (size before relaxing)
 .debug_str     0x00000274       0x20 d:/iti 3 month/imt tools/imt tools/sdk/imt_sdk_win_64/imt_sdk_win_64/winavr/bin/../lib/gcc/avr/4.3.3/avr5\libgcc.a(_clzsi2.o)
                                0x111 (size before relaxing)
 .debug_str     0x00000294       0x10 d:/iti 3 month/imt tools/imt tools/sdk/imt_sdk_win_64/imt_sdk_win_64/winavr/bin/../lib/gcc/avr/4.3.3/avr5\libgcc.a(_pack_sf.o)
                                0x19d (size before relaxing)
 .debug_str     0x000002a4        0xb d:/iti 3 month/imt tools/imt tools/sdk/imt_sdk_win_64/imt_sdk_win_64/winavr/bin/../lib/gcc/avr/4.3.3/avr5\libgcc.a(_unpack_sf.o)
                                0x17f (size before relaxing)
 .debug_str     0x000002af       0x10 d:/iti 3 month/imt tools/imt tools/sdk/imt_sdk_win_64/imt_sdk_win_64/winavr/bin/../lib/gcc/avr/4.3.3/avr5\libgcc.a(_fpcmp_parts_sf.o)
                                0x163 (size before relaxing)
 .debug_str     0x00000000       0xf4 d:/iti 3 month/imt tools/imt tools/sdk/imt_sdk_win_64/imt_sdk_win_64/winavr/bin/../lib/gcc/avr/4.3.3/avr5\libgcc.a(_clz.o)

.debug_loc      0x00000000      0x7f2
 *(.debug_loc)
 .debug_loc     0x00000000       0x34 d:/iti 3 month/imt tools/imt tools/sdk/imt_sdk_win_64/imt_sdk_win_64/winavr/bin/../lib/gcc/avr/4.3.3/avr5\libgcc.a(_fixunssfsi.o)
 .debug_loc     0x00000034      0x32a d:/iti 3 month/imt tools/imt tools/sdk/imt_sdk_win_64/imt_sdk_win_64/winavr/bin/../lib/gcc/avr/4.3.3/avr5\libgcc.a(_addsub_sf.o)
 .debug_loc     0x0000035e       0xc0 d:/iti 3 month/imt tools/imt tools/sdk/imt_sdk_win_64/imt_sdk_win_64/winavr/bin/../lib/gcc/avr/4.3.3/avr5\libgcc.a(_div_sf.o)
 .debug_loc     0x0000041e       0x3c d:/iti 3 month/imt tools/imt tools/sdk/imt_sdk_win_64/imt_sdk_win_64/winavr/bin/../lib/gcc/avr/4.3.3/avr5\libgcc.a(_ge_sf.o)
 .debug_loc     0x0000045a       0x7e d:/iti 3 month/imt tools/imt tools/sdk/imt_sdk_win_64/imt_sdk_win_64/winavr/bin/../lib/gcc/avr/4.3.3/avr5\libgcc.a(_sf_to_si.o)
 .debug_loc     0x000004d8       0x4c d:/iti 3 month/imt tools/imt tools/sdk/imt_sdk_win_64/imt_sdk_win_64/winavr/bin/../lib/gcc/avr/4.3.3/avr5\libgcc.a(_usi_to_sf.o)
 .debug_loc     0x00000524       0x94 d:/iti 3 month/imt tools/imt tools/sdk/imt_sdk_win_64/imt_sdk_win_64/winavr/bin/../lib/gcc/avr/4.3.3/avr5\libgcc.a(_clzsi2.o)
 .debug_loc     0x000005b8      0x13e d:/iti 3 month/imt tools/imt tools/sdk/imt_sdk_win_64/imt_sdk_win_64/winavr/bin/../lib/gcc/avr/4.3.3/avr5\libgcc.a(_pack_sf.o)
 .debug_loc     0x000006f6       0xac d:/iti 3 month/imt tools/imt tools/sdk/imt_sdk_win_64/imt_sdk_win_64/winavr/bin/../lib/gcc/avr/4.3.3/avr5\libgcc.a(_unpack_sf.o)
 .debug_loc     0x000007a2       0x50 d:/iti 3 month/imt tools/imt tools/sdk/imt_sdk_win_64/imt_sdk_win_64/winavr/bin/../lib/gcc/avr/4.3.3/avr5\libgcc.a(_fpcmp_parts_sf.o)

.debug_macinfo
 *(.debug_macinfo)
OUTPUT(timer.elf elf32-avr)
LOAD linker stubs
